C:/Users/sanda/OneDrive - Northwestern University/Courses/Spring 2026/ME433/ME433/HW12 CAN/FDCAN_Com_Polling/Src/main.c:78:5:main	13
C:/Users/sanda/OneDrive - Northwestern University/Courses/Spring 2026/ME433/ME433/HW12 CAN/FDCAN_Com_Polling/Src/main.c:233:6:SystemClock_Config	3
C:/Users/sanda/OneDrive - Northwestern University/Courses/Spring 2026/ME433/ME433/HW12 CAN/FDCAN_Com_Polling/Src/main.c:272:13:MX_FDCAN1_Init	2
C:/Users/sanda/OneDrive - Northwestern University/Courses/Spring 2026/ME433/ME433/HW12 CAN/FDCAN_Com_Polling/Src/main.c:315:13:MX_GPIO_Init	1
C:/Users/sanda/OneDrive - Northwestern University/Courses/Spring 2026/ME433/ME433/HW12 CAN/FDCAN_Com_Polling/Src/main.c:334:6:BSP_PB_Callback	3
C:/Users/sanda/OneDrive - Northwestern University/Courses/Spring 2026/ME433/ME433/HW12 CAN/FDCAN_Com_Polling/Src/main.c:360:17:BufferCmp8b	3
C:/Users/sanda/OneDrive - Northwestern University/Courses/Spring 2026/ME433/ME433/HW12 CAN/FDCAN_Com_Polling/Src/main.c:380:6:Error_Handler	1
