C:/Users/sanda/OneDrive - Northwestern University/Courses/Spring 2026/ME433/ME433/HW11/Core/Src/main.c:70:5:main	9
C:/Users/sanda/OneDrive - Northwestern University/Courses/Spring 2026/ME433/ME433/HW11/Core/Src/main.c:236:6:SystemClock_Config	3
C:/Users/sanda/OneDrive - Northwestern University/Courses/Spring 2026/ME433/ME433/HW11/Core/Src/main.c:275:13:MX_USART1_UART_Init	5
C:/Users/sanda/OneDrive - Northwestern University/Courses/Spring 2026/ME433/ME433/HW11/Core/Src/main.c:323:13:MX_GPIO_Init	1
C:/Users/sanda/OneDrive - Northwestern University/Courses/Spring 2026/ME433/ME433/HW11/Core/Src/main.c:348:6:BSP_PB_Callback	2
C:/Users/sanda/OneDrive - Northwestern University/Courses/Spring 2026/ME433/ME433/HW11/Core/Src/main.c:360:6:Error_Handler	1
