C:/Users/sanda/OneDrive - Northwestern University/Courses/Spring 2026/ME433/ME433/HW11/Core/Src/main.c:70:5:main	2040	static
C:/Users/sanda/OneDrive - Northwestern University/Courses/Spring 2026/ME433/ME433/HW11/Core/Src/main.c:236:6:SystemClock_Config	64	static
C:/Users/sanda/OneDrive - Northwestern University/Courses/Spring 2026/ME433/ME433/HW11/Core/Src/main.c:275:13:MX_USART1_UART_Init	8	static
C:/Users/sanda/OneDrive - Northwestern University/Courses/Spring 2026/ME433/ME433/HW11/Core/Src/main.c:323:13:MX_GPIO_Init	24	static
C:/Users/sanda/OneDrive - Northwestern University/Courses/Spring 2026/ME433/ME433/HW11/Core/Src/main.c:348:6:BSP_PB_Callback	16	static
C:/Users/sanda/OneDrive - Northwestern University/Courses/Spring 2026/ME433/ME433/HW11/Core/Src/main.c:360:6:Error_Handler	8	static,ignoring_inline_asm
