C:/Users/sanda/OneDrive - Northwestern University/Courses/Spring 2026/ME433/ME433/HW11/Core/Src/main.c:67:5:main	8	static
C:/Users/sanda/OneDrive - Northwestern University/Courses/Spring 2026/ME433/ME433/HW11/Core/Src/main.c:153:6:SystemClock_Config	64	static
C:/Users/sanda/OneDrive - Northwestern University/Courses/Spring 2026/ME433/ME433/HW11/Core/Src/main.c:192:13:MX_GPIO_Init	24	static
C:/Users/sanda/OneDrive - Northwestern University/Courses/Spring 2026/ME433/ME433/HW11/Core/Src/main.c:217:6:BSP_PB_Callback	16	static
C:/Users/sanda/OneDrive - Northwestern University/Courses/Spring 2026/ME433/ME433/HW11/Core/Src/main.c:229:6:Error_Handler	8	static,ignoring_inline_asm
