C:/Users/sanda/OneDrive - Northwestern University/Courses/Spring 2026/ME433/ME433/HW16/FDCAN_Com_Polling/Src/main.c:114:5:main	96	static
C:/Users/sanda/OneDrive - Northwestern University/Courses/Spring 2026/ME433/ME433/HW16/FDCAN_Com_Polling/Src/main.c:355:6:SystemClock_Config	64	static
C:/Users/sanda/OneDrive - Northwestern University/Courses/Spring 2026/ME433/ME433/HW16/FDCAN_Com_Polling/Src/main.c:394:13:MX_ADC1_Init	24	static
C:/Users/sanda/OneDrive - Northwestern University/Courses/Spring 2026/ME433/ME433/HW16/FDCAN_Com_Polling/Src/main.c:451:13:MX_FDCAN1_Init	8	static
C:/Users/sanda/OneDrive - Northwestern University/Courses/Spring 2026/ME433/ME433/HW16/FDCAN_Com_Polling/Src/main.c:504:13:MX_I2C2_Init	8	static
C:/Users/sanda/OneDrive - Northwestern University/Courses/Spring 2026/ME433/ME433/HW16/FDCAN_Com_Polling/Src/main.c:552:13:MX_TIM1_Init	104	static
C:/Users/sanda/OneDrive - Northwestern University/Courses/Spring 2026/ME433/ME433/HW16/FDCAN_Com_Polling/Src/main.c:628:13:MX_TIM2_Init	40	static
C:/Users/sanda/OneDrive - Northwestern University/Courses/Spring 2026/ME433/ME433/HW16/FDCAN_Com_Polling/Src/main.c:721:13:MX_GPIO_Init	24	static
C:/Users/sanda/OneDrive - Northwestern University/Courses/Spring 2026/ME433/ME433/HW16/FDCAN_Com_Polling/Src/main.c:739:6:HAL_TIM_PeriodElapsedCallback	40	static
C:/Users/sanda/OneDrive - Northwestern University/Courses/Spring 2026/ME433/ME433/HW16/FDCAN_Com_Polling/Src/main.c:829:6:set_pwm	24	static
C:/Users/sanda/OneDrive - Northwestern University/Courses/Spring 2026/ME433/ME433/HW16/FDCAN_Com_Polling/Src/main.c:851:6:BSP_PB_Callback	16	static
C:/Users/sanda/OneDrive - Northwestern University/Courses/Spring 2026/ME433/ME433/HW16/FDCAN_Com_Polling/Src/main.c:875:17:BufferCmp8b	24	static
C:/Users/sanda/OneDrive - Northwestern University/Courses/Spring 2026/ME433/ME433/HW16/FDCAN_Com_Polling/Src/main.c:888:6:init_cc_desired	24	static
C:/Users/sanda/OneDrive - Northwestern University/Courses/Spring 2026/ME433/ME433/HW16/FDCAN_Com_Polling/Src/main.c:909:6:Error_Handler	8	static
