C:/Users/sanda/OneDrive - Northwestern University/Courses/Spring 2026/ME433/ME433/HW16/FDCAN_Com_Polling/Src/main.c:90:5:main	48	static
C:/Users/sanda/OneDrive - Northwestern University/Courses/Spring 2026/ME433/ME433/HW16/FDCAN_Com_Polling/Src/main.c:249:6:SystemClock_Config	64	static
C:/Users/sanda/OneDrive - Northwestern University/Courses/Spring 2026/ME433/ME433/HW16/FDCAN_Com_Polling/Src/main.c:288:13:MX_ADC1_Init	24	static
C:/Users/sanda/OneDrive - Northwestern University/Courses/Spring 2026/ME433/ME433/HW16/FDCAN_Com_Polling/Src/main.c:345:13:MX_FDCAN1_Init	8	static
C:/Users/sanda/OneDrive - Northwestern University/Courses/Spring 2026/ME433/ME433/HW16/FDCAN_Com_Polling/Src/main.c:388:13:MX_I2C2_Init	8	static
C:/Users/sanda/OneDrive - Northwestern University/Courses/Spring 2026/ME433/ME433/HW16/FDCAN_Com_Polling/Src/main.c:436:13:MX_TIM1_Init	104	static
C:/Users/sanda/OneDrive - Northwestern University/Courses/Spring 2026/ME433/ME433/HW16/FDCAN_Com_Polling/Src/main.c:512:13:MX_TIM2_Init	40	static
C:/Users/sanda/OneDrive - Northwestern University/Courses/Spring 2026/ME433/ME433/HW16/FDCAN_Com_Polling/Src/main.c:557:13:MX_GPIO_Init	24	static
C:/Users/sanda/OneDrive - Northwestern University/Courses/Spring 2026/ME433/ME433/HW16/FDCAN_Com_Polling/Src/main.c:578:6:BSP_PB_Callback	16	static
C:/Users/sanda/OneDrive - Northwestern University/Courses/Spring 2026/ME433/ME433/HW16/FDCAN_Com_Polling/Src/main.c:604:17:BufferCmp8b	24	static
C:/Users/sanda/OneDrive - Northwestern University/Courses/Spring 2026/ME433/ME433/HW16/FDCAN_Com_Polling/Src/main.c:624:6:Error_Handler	8	static
