C:/Users/sanda/OneDrive - Northwestern University/Courses/Spring 2026/ME433/ME433/HW16/FDCAN_Com_Polling/Src/main.c:105:5:main	56	static
C:/Users/sanda/OneDrive - Northwestern University/Courses/Spring 2026/ME433/ME433/HW16/FDCAN_Com_Polling/Src/main.c:322:6:SystemClock_Config	64	static
C:/Users/sanda/OneDrive - Northwestern University/Courses/Spring 2026/ME433/ME433/HW16/FDCAN_Com_Polling/Src/main.c:358:13:MX_ADC1_Init	24	static
C:/Users/sanda/OneDrive - Northwestern University/Courses/Spring 2026/ME433/ME433/HW16/FDCAN_Com_Polling/Src/main.c:412:13:MX_FDCAN1_Init	8	static
C:/Users/sanda/OneDrive - Northwestern University/Courses/Spring 2026/ME433/ME433/HW16/FDCAN_Com_Polling/Src/main.c:453:13:MX_I2C2_Init	8	static
C:/Users/sanda/OneDrive - Northwestern University/Courses/Spring 2026/ME433/ME433/HW16/FDCAN_Com_Polling/Src/main.c:498:13:MX_TIM1_Init	104	static
C:/Users/sanda/OneDrive - Northwestern University/Courses/Spring 2026/ME433/ME433/HW16/FDCAN_Com_Polling/Src/main.c:572:13:MX_TIM2_Init	40	static
C:/Users/sanda/OneDrive - Northwestern University/Courses/Spring 2026/ME433/ME433/HW16/FDCAN_Com_Polling/Src/main.c:614:13:MX_GPIO_Init	24	static
C:/Users/sanda/OneDrive - Northwestern University/Courses/Spring 2026/ME433/ME433/HW16/FDCAN_Com_Polling/Src/main.c:631:6:HAL_TIM_PeriodElapsedCallback	40	static
C:/Users/sanda/OneDrive - Northwestern University/Courses/Spring 2026/ME433/ME433/HW16/FDCAN_Com_Polling/Src/main.c:689:6:set_pwm	24	static
C:/Users/sanda/OneDrive - Northwestern University/Courses/Spring 2026/ME433/ME433/HW16/FDCAN_Com_Polling/Src/main.c:711:6:BSP_PB_Callback	16	static
C:/Users/sanda/OneDrive - Northwestern University/Courses/Spring 2026/ME433/ME433/HW16/FDCAN_Com_Polling/Src/main.c:735:17:BufferCmp8b	24	static
C:/Users/sanda/OneDrive - Northwestern University/Courses/Spring 2026/ME433/ME433/HW16/FDCAN_Com_Polling/Src/main.c:748:6:init_cc_desired	24	static
C:/Users/sanda/OneDrive - Northwestern University/Courses/Spring 2026/ME433/ME433/HW16/FDCAN_Com_Polling/Src/main.c:769:6:Error_Handler	8	static
